
> workgrid-studio@0.1.0 build
> tsc && vite build

src/app/providers/ThemeProvider.tsx(5,32): error TS7006: Parameter 'state' implicitly has an 'any' type.
src/components/layout/EditorNode.tsx(1,1): error TS6133: 'React' is declared but its value is never read.
src/components/layout/EditorNode.tsx(2,50): error TS6133: 'ISplitNode' is declared but its value is never read.
src/components/layout/EditorNode.tsx(7,40): error TS7006: Parameter 'state' implicitly has an 'any' type.
src/components/layout/Sash.tsx(1,8): error TS6133: 'React' is declared but its value is never read.
src/components/layout/Workbench.tsx(1,1): error TS6133: 'React' is declared but its value is never read.
src/components/ui/CodeEditorShell.tsx(1,1): error TS6133: 'React' is declared but its value is never read.
src/components/views/ModelsPage.tsx(1,8): error TS6133: 'React' is declared but its value is never read.
src/components/views/ModelsPage.tsx(90,33): error TS7006: Parameter 'p' implicitly has an 'any' type.
src/components/views/TasksView.tsx(1,8): error TS6133: 'React' is declared but its value is never read.
src/components/views/TasksView.tsx(2,25): error TS6133: 'Task' is declared but its value is never read.
src/components/views/TasksView.tsx(74,29): error TS7006: Parameter 'task' implicitly has an 'any' type.
src/components/views/TasksView.tsx(97,48): error TS7006: Parameter 'tag' implicitly has an 'any' type.
src/lib/utils/cn.ts(1,39): error TS2307: Cannot find module 'clsx' or its corresponding type declarations.
src/lib/utils/cn.ts(2,25): error TS2307: Cannot find module 'tailwind-merge' or its corresponding type declarations.
src/state/appStore.ts(1,24): error TS2307: Cannot find module 'zustand' or its corresponding type declarations.
src/state/appStore.ts(22,46): error TS7006: Parameter 'set' implicitly has an 'any' type.
src/state/appStore.ts(27,16): error TS7006: Parameter 'theme' implicitly has an 'any' type.
src/state/appStore.ts(28,29): error TS7006: Parameter 'id' implicitly has an 'any' type.
src/state/appStore.ts(29,25): error TS7006: Parameter 'enabled' implicitly has an 'any' type.
src/state/appStore.ts(30,16): error TS7006: Parameter 'toast' implicitly has an 'any' type.
src/state/appStore.ts(31,14): error TS7006: Parameter 'state' implicitly has an 'any' type.
src/state/appStore.ts(34,20): error TS7006: Parameter 'id' implicitly has an 'any' type.
src/state/appStore.ts(35,14): error TS7006: Parameter 'state' implicitly has an 'any' type.
src/state/appStore.ts(36,42): error TS7006: Parameter 't' implicitly has an 'any' type.
src/state/layoutStore.ts(1,24): error TS2307: Cannot find module 'zustand' or its corresponding type declarations.
src/state/layoutStore.ts(53,52): error TS7006: Parameter 'set' implicitly has an 'any' type.
src/state/layoutStore.ts(70,23): error TS7006: Parameter 'width' implicitly has an 'any' type.
src/state/layoutStore.ts(71,22): error TS7006: Parameter 'height' implicitly has an 'any' type.
src/state/layoutStore.ts(73,31): error TS7006: Parameter 'state' implicitly has an 'any' type.
src/state/layoutStore.ts(74,29): error TS7006: Parameter 'state' implicitly has an 'any' type.
src/state/layoutStore.ts(76,17): error TS7006: Parameter 'leafId' implicitly has an 'any' type.
src/state/layoutStore.ts(76,25): error TS7006: Parameter 'direction' implicitly has an 'any' type.
src/state/layoutStore.ts(77,14): error TS7006: Parameter 'state' implicitly has an 'any' type.
src/state/layoutStore.ts(96,17): error TS6133: 'leafId' is declared but its value is never read.
src/state/layoutStore.ts(96,17): error TS7006: Parameter 'leafId' implicitly has an 'any' type.
src/state/layoutStore.ts(100,18): error TS7006: Parameter 'nodeId' implicitly has an 'any' type.
src/state/layoutStore.ts(100,26): error TS7006: Parameter 'newRatio' implicitly has an 'any' type.
src/state/layoutStore.ts(101,14): error TS7006: Parameter 'state' implicitly has an 'any' type.
src/state/modelsStore.ts(1,24): error TS2307: Cannot find module 'zustand' or its corresponding type declarations.
src/state/modelsStore.ts(27,52): error TS7006: Parameter 'set' implicitly has an 'any' type.
src/state/modelsStore.ts(31,19): error TS7006: Parameter 'provider' implicitly has an 'any' type.
src/state/modelsStore.ts(32,14): error TS7006: Parameter 'state' implicitly has an 'any' type.
src/state/modelsStore.ts(34,22): error TS7006: Parameter 'id' implicitly has an 'any' type.
src/state/modelsStore.ts(34,26): error TS7006: Parameter 'updates' implicitly has an 'any' type.
src/state/modelsStore.ts(35,14): error TS7006: Parameter 'state' implicitly has an 'any' type.
src/state/modelsStore.ts(36,45): error TS7006: Parameter 'p' implicitly has an 'any' type.
src/state/modelsStore.ts(41,22): error TS7006: Parameter 'id' implicitly has an 'any' type.
src/state/modelsStore.ts(42,14): error TS7006: Parameter 'state' implicitly has an 'any' type.
src/state/modelsStore.ts(43,48): error TS7006: Parameter 'p' implicitly has an 'any' type.
src/state/modelsStore.ts(48,29): error TS7006: Parameter 'id' implicitly has an 'any' type.
src/state/profilesStore.ts(1,24): error TS2307: Cannot find module 'zustand' or its corresponding type declarations.
src/state/profilesStore.ts(30,56): error TS7006: Parameter 'set' implicitly has an 'any' type.
src/state/profilesStore.ts(34,18): error TS7006: Parameter 'profile' implicitly has an 'any' type.
src/state/profilesStore.ts(35,14): error TS7006: Parameter 'state' implicitly has an 'any' type.
src/state/profilesStore.ts(39,21): error TS7006: Parameter 'id' implicitly has an 'any' type.
src/state/profilesStore.ts(39,25): error TS7006: Parameter 'updates' implicitly has an 'any' type.
src/state/profilesStore.ts(40,14): error TS7006: Parameter 'state' implicitly has an 'any' type.
src/state/profilesStore.ts(41,43): error TS7006: Parameter 'p' implicitly has an 'any' type.
src/state/profilesStore.ts(46,21): error TS7006: Parameter 'id' implicitly has an 'any' type.
src/state/profilesStore.ts(47,14): error TS7006: Parameter 'state' implicitly has an 'any' type.
src/state/profilesStore.ts(48,46): error TS7006: Parameter 'p' implicitly has an 'any' type.
src/state/profilesStore.ts(51,28): error TS7006: Parameter 'prefs' implicitly has an 'any' type.
src/state/profilesStore.ts(52,14): error TS7006: Parameter 'state' implicitly has an 'any' type.
src/state/sessionStore.ts(1,24): error TS2307: Cannot find module 'zustand' or its corresponding type declarations.
src/state/sessionStore.ts(2,1): error TS6133: 'DatabaseProfile' is declared but its value is never read.
src/state/sessionStore.ts(19,54): error TS7006: Parameter 'set' implicitly has an 'any' type.
src/state/sessionStore.ts(23,19): error TS7006: Parameter 'profileId' implicitly has an 'any' type.
src/state/sessionStore.ts(24,14): error TS7006: Parameter 'state' implicitly has an 'any' type.
src/state/sessionStore.ts(26,51): error TS7006: Parameter 's' implicitly has an 'any' type.
src/state/sessionStore.ts(41,20): error TS7006: Parameter 'id' implicitly has an 'any' type.
src/state/sessionStore.ts(42,14): error TS7006: Parameter 'state' implicitly has an 'any' type.
src/state/sessionStore.ts(46,50): error TS7006: Parameter 's' implicitly has an 'any' type.
src/state/sessionStore.ts(51,24): error TS7006: Parameter 'id' implicitly has an 'any' type.
src/state/tasksStore.ts(1,24): error TS2307: Cannot find module 'zustand' or its corresponding type declarations.
src/state/tasksStore.ts(22,50): error TS7006: Parameter 'set' implicitly has an 'any' type.
src/state/tasksStore.ts(25,15): error TS7006: Parameter 'payload' implicitly has an 'any' type.
src/state/tasksStore.ts(26,14): error TS7006: Parameter 'state' implicitly has an 'any' type.
src/state/tasksStore.ts(37,18): error TS7006: Parameter 'id' implicitly has an 'any' type.
src/state/tasksStore.ts(37,22): error TS7006: Parameter 'updates' implicitly has an 'any' type.
src/state/tasksStore.ts(38,14): error TS7006: Parameter 'state' implicitly has an 'any' type.
src/state/tasksStore.ts(39,37): error TS7006: Parameter 'task' implicitly has an 'any' type.
